Product: MDK-ARM Standard 5.10
Component: ARM Compiler 5.04 update 1 (build 49)
Tool: armlink [5040049]

==============================================================================

Section Cross References

    can.o(.text) refers to can.o(i.CANIntStatus) for CANIntStatus
    can.o(.text) refers to can.o(i.CANStatusGet) for CANStatusGet
    can.o(.text) refers to can.o(i.CANIntClear) for CANIntClear
    can.o(.text) refers to can.o(i.CANMessageGet) for CANMessageGet
    can.o(.text) refers to can.o(i.CANMessageSet) for CANMessageSet
    can.o(.text) refers to sysctl.o(i.SysCtlPeripheralEnable) for SysCtlPeripheralEnable
    can.o(.text) refers to gpio.o(i.GPIOPinConfigure) for GPIOPinConfigure
    can.o(.text) refers to gpio.o(i.GPIOPinTypeCAN) for GPIOPinTypeCAN
    can.o(.text) refers to can.o(i.CANInit) for CANInit
    can.o(.text) refers to sysctl.o(i.SysCtlClockGet) for SysCtlClockGet
    can.o(.text) refers to can.o(i.CANBitRateSet) for CANBitRateSet
    can.o(.text) refers to can.o(i.CANEnable) for CANEnable
    can.o(.text) refers to can.o(i.CANIntEnable) for CANIntEnable
    can.o(.text) refers to interrupt.o(i.IntEnable) for IntEnable
    can.o(.text) refers to can.o(.data) for .data
    can.o(.text) refers to can.o(.bss) for .bss
    can.o(.text) refers to main.o(.constdata) for MASK
    can.o(.text) refers to function.o(.data) for ulTimerCAN0Tx
    display.o(.text) refers to gpio.o(i.GPIOPinWrite) for GPIOPinWrite
    display.o(.text) refers to display.o(.data) for .data
    display.o(.text) refers to display.o(.bss) for .bss
    display.o(.text) refers to scroll_v.o(.text) for ucScrollNumberV
    display.o(.text) refers to can.o(.data) for xData
    display.o(.text) refers to function.o(.data) for ulPWMSet
    display.o(.text) refers to scroll_h.o(.text) for vScrollH
    display.o(.text) refers to main.o(.constdata) for MASK
    display.o(.data) refers to display.o(.constdata) for uiStringTamDung
    display.o(.data) refers to display.o(.constdata) for uiStringKiemTraThang
    display.o(.data) refers to display.o(.constdata) for uiStringCuuHo
    display.o(.data) refers to display.o(.constdata) for uiStringCuuHoa
    display.o(.data) refers to display.o(.constdata) for uiStringUuTienCabin
    display.o(.data) refers to display.o(.constdata) for uiStringQuaTai
    display.o(.data) refers to display.o(.constdata) for uiStringReset
    display.o(.data) refers to display.o(.constdata) for uiStringDongDat
    display.o(.data) refers to display.o(.constdata) for uiStringDangSuDung
    display.o(.data) refers to display.o(.constdata) for uiStringTest
    function.o(.text) refers to gpio.o(i.GPIOPinRead) for GPIOPinRead
    function.o(.text) refers to sysctl.o(i.SysCtlPeripheralReset) for SysCtlPeripheralReset
    function.o(.text) refers to can.o(.text) for vCANConfig
    function.o(.text) refers to display.o(.text) for vScanled
    function.o(.text) refers to function.o(.bss) for .bss
    function.o(.text) refers to function.o(.data) for .data
    function.o(.text) refers to can.o(.data) for ucCANBusoff
    function.o(.text) refers to main.o(.constdata) for MASK
    function.o(.text) refers to can.o(.data) for ucCAN0TxFlag
    function.o(.text) refers to can.o(.data) for ucPos
    function.o(.text) refers to scroll_v.o(.text) for vScrollV
    function.o(.text) refers to display.o(.data) for pvScroll
    function.o(.text) refers to scroll_h.o(.text) for vScrollH
    function.o(.text) refers to function.o(.constdata) for .constdata
    function.o(.text) refers to display.o(.data) for ulNumberDelay
    function.o(.text) refers to display.o(.data) for ulArrowDelay
    function.o(.text) refers to display.o(.data) for ulStringDelay
    main.o(.text) refers to watchdog.o(i.WatchdogIntClear) for WatchdogIntClear
    main.o(.text) refers to sysctl.o(i.SysCtlPeripheralEnable) for SysCtlPeripheralEnable
    main.o(.text) refers to interrupt.o(i.IntEnable) for IntEnable
    main.o(.text) refers to sysctl.o(i.SysCtlClockGet) for SysCtlClockGet
    main.o(.text) refers to watchdog.o(i.WatchdogReloadSet) for WatchdogReloadSet
    main.o(.text) refers to watchdog.o(i.WatchdogResetEnable) for WatchdogResetEnable
    main.o(.text) refers to watchdog.o(i.WatchdogEnable) for WatchdogEnable
    main.o(.text) refers to sysctl.o(i.SysCtlClockSet) for SysCtlClockSet
    main.o(.text) refers to gpio.o(i.GPIOPinTypeGPIOOutput) for GPIOPinTypeGPIOOutput
    main.o(.text) refers to gpio.o(i.GPIOPinWrite) for GPIOPinWrite
    main.o(.text) refers to gpio.o(i.GPIOPinTypeGPIOInput) for GPIOPinTypeGPIOInput
    main.o(.text) refers to gpio.o(i.GPIOPadConfigSet) for GPIOPadConfigSet
    main.o(.text) refers to display.o(.text) for vDispConfig
    main.o(.text) refers to can.o(.text) for vCANConfig
    main.o(.text) refers to sysclock.o(.text) for vSysTickConfig
    main.o(.text) refers to systick.o(i.SysTickEnable) for SysTickEnable
    main.o(.text) refers to interrupt.o(i.IntMasterEnable) for IntMasterEnable
[...]
    .constdata                               0x00003778   Section       64  scroll_h.o(.constdata)
    .constdata                               0x000037b8   Section       64  scroll_h.o(.constdata)
    .constdata                               0x000037f8   Section       64  scroll_h.o(.constdata)
    .constdata                               0x00003838   Section       64  scroll_h.o(.constdata)
    .constdata                               0x00003878   Section       64  scroll_h.o(.constdata)
    .constdata                               0x000038b8   Section       64  scroll_h.o(.constdata)
    .constdata                               0x000038f8   Section       64  scroll_h.o(.constdata)
    .constdata                               0x00003938   Section       64  scroll_h.o(.constdata)
    .constdata                               0x00003978   Section       64  scroll_h.o(.constdata)
    .constdata                               0x000039b8   Section       64  scroll_h.o(.constdata)
    .constdata                               0x000039f8   Section       64  scroll_h.o(.constdata)
    .constdata                               0x00003a38   Section       64  scroll_h.o(.constdata)
    .constdata                               0x00003a78   Section       64  scroll_h.o(.constdata)
    .constdata                               0x00003ab8   Section       64  scroll_h.o(.constdata)
    .constdata                               0x00003af8   Section       64  scroll_h.o(.constdata)
    .constdata                               0x00003b38   Section       64  scroll_h.o(.constdata)
    .constdata                               0x00003b78   Section       64  scroll_h.o(.constdata)
    .constdata                               0x00003bb8   Section       64  scroll_h.o(.constdata)
    .constdata                               0x00003bf8   Section       64  scroll_h.o(.constdata)
    .constdata                               0x00003c38   Section       64  scroll_h.o(.constdata)
    .constdata                               0x00003c78   Section       64  scroll_h.o(.constdata)
    .constdata                               0x00003cb8   Section       64  scroll_h.o(.constdata)
    .constdata                               0x00003cf8   Section       64  scroll_h.o(.constdata)
    .constdata                               0x00003d38   Section       64  scroll_h.o(.constdata)
    .constdata                               0x00003d78   Section       64  scroll_h.o(.constdata)
    .constdata                               0x00003db8   Section       64  scroll_h.o(.constdata)
    .constdata                               0x00003df8   Section       64  scroll_h.o(.constdata)
    .constdata                               0x00003e38   Section       64  scroll_h.o(.constdata)
    .constdata                               0x00003e78   Section       64  scroll_h.o(.constdata)
    .constdata                               0x00003eb8   Section       64  scroll_h.o(.constdata)
    .constdata                               0x00003ef8   Section       64  scroll_h.o(.constdata)
    .constdata                               0x00003f38   Section       64  scroll_h.o(.constdata)
    .constdata                               0x00003f78   Section       64  scroll_h.o(.constdata)
    .constdata                               0x00003fb8   Section       64  scroll_h.o(.constdata)
    .constdata                               0x00003ff8   Section       64  scroll_h.o(.constdata)
    .constdata                               0x00004038   Section       64  scroll_h.o(.constdata)
    .constdata                               0x00004078   Section       64  scroll_h.o(.constdata)
    .constdata                               0x000040b8   Section       64  scroll_h.o(.constdata)
    .constdata                               0x000040f8   Section       64  scroll_h.o(.constdata)
    .constdata                               0x00004138   Section       64  scroll_h.o(.constdata)
    .constdata                               0x00004178   Section       64  scroll_h.o(.constdata)
    .constdata                               0x000041b8   Section       64  scroll_h.o(.constdata)
    .constdata                               0x000041f8   Section       64  scroll_h.o(.constdata)
    .constdata                               0x00004238   Section       64  scroll_h.o(.constdata)
    .constdata                               0x00004278   Section       64  scroll_h.o(.constdata)
    .constdata                               0x000042b8   Section       64  scroll_h.o(.constdata)
    .constdata                               0x000042f8   Section       64  scroll_h.o(.constdata)
    .constdata                               0x00004338   Section       64  scroll_h.o(.constdata)
    .constdata                               0x00004378   Section       64  scroll_h.o(.constdata)
    .constdata                               0x000043b8   Section       64  scroll_h.o(.constdata)
    .constdata                               0x000043f8   Section       64  scroll_h.o(.constdata)
    .constdata                               0x00004438   Section       64  scroll_h.o(.constdata)
    .constdata                               0x00004478   Section       64  scroll_h.o(.constdata)
    .constdata                               0x000044b8   Section       64  scroll_h.o(.constdata)
    .constdata                               0x000044f8   Section       64  scroll_h.o(.constdata)
    .constdata                               0x00004538   Section       64  scroll_h.o(.constdata)
    .constdata                               0x00004578   Section       64  scroll_h.o(.constdata)
    .constdata                               0x000045b8   Section       64  scroll_h.o(.constdata)
    .constdata                               0x000045f8   Section       64  scroll_h.o(.constdata)
    .constdata                               0x00004638   Section       64  scroll_h.o(.constdata)
    .constdata                               0x00004678   Section       64  scroll_h.o(.constdata)
    .constdata                               0x000046b8   Section       64  scroll_h.o(.constdata)
    .constdata                               0x000046f8   Section       64  scroll_h.o(.constdata)
    .constdata                               0x00004738   Section       64  scroll_h.o(.constdata)
    .constdata                               0x00004778   Section       64  scroll_h.o(.constdata)
    .constdata                               0x000047b8   Section       64  scroll_h.o(.constdata)
    .constdata                               0x000047f8   Section       64  scroll_h.o(.constdata)
    .constdata                               0x00004838   Section       64  scroll_h.o(.constdata)
    .constdata                               0x00004878   Section       64  scroll_h.o(.constdata)
    .constdata                               0x000048b8   Section       64  scroll_h.o(.constdata)
    .constdata                               0x000048f8   Section     1568  scroll_h.o(.constdata)
    .constdata                               0x00004f18   Section       64  scroll_v.o(.constdata)
    .constdata                               0x00004f58   Section       64  scroll_v.o(.constdata)
    .constdata                               0x00004f98   Section       64  scroll_v.o(.constdata)
    .constdata                               0x00004fd8   Section       64  scroll_v.o(.constdata)
    .constdata                               0x00005018   Section       64  scroll_v.o(.constdata)
    .constdata                               0x00005058   Section       64  scroll_v.o(.constdata)
    .constdata                               0x00005098   Section       64  scroll_v.o(.constdata)
    .constdata                               0x000050d8   Section       64  scroll_v.o(.constdata)
    .constdata                               0x00005118   Section       64  scroll_v.o(.constdata)
    .constdata                               0x00005158   Section       64  scroll_v.o(.constdata)
    .constdata                               0x00005198   Section       64  scroll_v.o(.constdata)
    .constdata                               0x000051d8   Section       64  scroll_v.o(.constdata)
    .constdata                               0x00005218   Section       64  scroll_v.o(.constdata)
    .constdata                               0x00005258   Section       64  scroll_v.o(.constdata)
    .constdata                               0x00005298   Section       64  scroll_v.o(.constdata)
    .constdata                               0x000052d8   Section       64  scroll_v.o(.constdata)
    .constdata                               0x00005318   Section       64  scroll_v.o(.constdata)
    .constdata                               0x00005358   Section       64  scroll_v.o(.constdata)
    .constdata                               0x00005398   Section       64  scroll_v.o(.constdata)
    .constdata                               0x000053d8   Section       64  scroll_v.o(.constdata)
    .constdata                               0x00005418   Section       64  scroll_v.o(.constdata)
    .constdata                               0x00005458   Section       64  scroll_v.o(.constdata)
    .constdata                               0x00005498   Section       64  scroll_v.o(.constdata)
    .constdata                               0x000054d8   Section       64  scroll_v.o(.constdata)
    .constdata                               0x00005518   Section       64  scroll_v.o(.constdata)
    .constdata                               0x00005558   Section       64  scroll_v.o(.constdata)
    .constdata                               0x00005598   Section       64  scroll_v.o(.constdata)
    .constdata                               0x000055d8   Section       64  scroll_v.o(.constdata)
    .constdata                               0x00005618   Section       64  scroll_v.o(.constdata)
    .constdata                               0x00005658   Section       64  scroll_v.o(.constdata)
    .constdata                               0x00005698   Section       64  scroll_v.o(.constdata)
    .constdata                               0x000056d8   Section       64  scroll_v.o(.constdata)
    .constdata                               0x00005718   Section       64  scroll_v.o(.constdata)
    .constdata                               0x00005758   Section       64  scroll_v.o(.constdata)
    .constdata                               0x00005798   Section       64  scroll_v.o(.constdata)
    .constdata                               0x000057d8   Section       64  scroll_v.o(.constdata)
    .constdata                               0x00005818   Section       64  scroll_v.o(.constdata)
    .constdata                               0x00005858   Section       64  scroll_v.o(.constdata)
    .constdata                               0x00005898   Section       64  scroll_v.o(.constdata)
    .constdata                               0x000058d8   Section       64  scroll_v.o(.constdata)
    .constdata                               0x00005918   Section       64  scroll_v.o(.constdata)
    .constdata                               0x00005958   Section       64  scroll_v.o(.constdata)
    .constdata                               0x00005998   Section       64  scroll_v.o(.constdata)
    .constdata                               0x000059d8   Section       64  scroll_v.o(.constdata)
    .constdata                               0x00005a18   Section       64  scroll_v.o(.constdata)
    .constdata                               0x00005a58   Section       64  scroll_v.o(.constdata)
    .constdata                               0x00005a98   Section       64  scroll_v.o(.constdata)
    .constdata                               0x00005ad8   Section       64  scroll_v.o(.constdata)
    .constdata                               0x00005b18   Section       64  scroll_v.o(.constdata)
    .constdata                               0x00005b58   Section       64  scroll_v.o(.constdata)
    .constdata                               0x00005b98   Section       64  scroll_v.o(.constdata)
    .constdata                               0x00005bd8   Section       64  scroll_v.o(.constdata)
    .constdata                               0x00005c18   Section       64  scroll_v.o(.constdata)
    .constdata                               0x00005c58   Section       64  scroll_v.o(.constdata)
    .constdata                               0x00005c98   Section       64  scroll_v.o(.constdata)
    .constdata                               0x00005cd8   Section       64  scroll_v.o(.constdata)
    .constdata                               0x00005d18   Section       64  scroll_v.o(.constdata)
    .constdata                               0x00005d58   Section       64  scroll_v.o(.constdata)
    .constdata                               0x00005d98   Section       64  scroll_v.o(.constdata)
    .constdata                               0x00005dd8   Section       64  scroll_v.o(.constdata)
    .constdata                               0x00005e18   Section       64  scroll_v.o(.constdata)
    .constdata                               0x00005e58   Section       64  scroll_v.o(.constdata)
    .constdata                               0x00005e98   Section       64  scroll_v.o(.constdata)
    .constdata                               0x00005ed8   Section       64  scroll_v.o(.constdata)
    .constdata                               0x00005f18   Section       64  scroll_v.o(.constdata)
    .constdata                               0x00005f58   Section       64  scroll_v.o(.constdata)
    .constdata                               0x00005f98   Section       64  scroll_v.o(.constdata)
    .constdata                               0x00005fd8   Section       64  scroll_v.o(.constdata)
    .constdata                               0x00006018   Section       64  scroll_v.o(.constdata)
    .constdata                               0x00006058   Section       64  scroll_v.o(.constdata)
    .constdata                               0x00006098   Section       64  scroll_v.o(.constdata)
    .constdata                               0x000060d8   Section       64  scroll_v.o(.constdata)
    .constdata                               0x00006118   Section       64  scroll_v.o(.constdata)
    .constdata                               0x00006158   Section       64  scroll_v.o(.constdata)
    .constdata                               0x00006198   Section       64  scroll_v.o(.constdata)
    .constdata                               0x000061d8   Section       64  scroll_v.o(.constdata)
    .constdata                               0x00006218   Section       64  scroll_v.o(.constdata)
    .constdata                               0x00006258   Section       64  scroll_v.o(.constdata)
    .constdata                               0x00006298   Section       64  scroll_v.o(.constdata)
    .constdata                               0x000062d8   Section       64  scroll_v.o(.constdata)
    .constdata                               0x00006318   Section       64  scroll_v.o(.constdata)
    .constdata                               0x00006358   Section     1632  scroll_v.o(.constdata)
    .constdata                               0x000069b8   Section       32  can.o(.constdata)
    g_ui16CANBitValues                       0x000069b8   Data          32  can.o(.constdata)
    .constdata                               0x000069d8   Section      552  gpio.o(.constdata)
    g_ppui32GPIOIntMapBlizzard               0x000069d8   Data         192  gpio.o(.constdata)
    g_ppui32GPIOIntMapSnowflake              0x00006a98   Data         216  gpio.o(.constdata)
    g_pui32GPIOBaseAddrs                     0x00006b70   Data         144  gpio.o(.constdata)
    .constdata                               0x00006c00   Section      268  interrupt.o(.constdata)
    g_pui32Priority                          0x00006c00   Data          32  interrupt.o(.constdata)
    g_pui32Regs                              0x00006c20   Data         156  interrupt.o(.constdata)
    g_pui32EnRegs                            0x00006cbc   Data          20  interrupt.o(.constdata)
    g_pui32Dii16Regs                         0x00006cd0   Data          20  interrupt.o(.constdata)
    g_pui32PendRegs                          0x00006ce4   Data          20  interrupt.o(.constdata)
    g_pui32UnpendRegs                        0x00006cf8   Data          20  interrupt.o(.constdata)
    .constdata                               0x00006d0c   Section      596  sysctl.o(.constdata)
    g_pui32VCOFrequencies                    0x00006d0c   Data           8  sysctl.o(.constdata)
    g_pui32Xtals                             0x00006d14   Data         108  sysctl.o(.constdata)
    g_pppui32XTALtoVCO                       0x00006d80   Data         432  sysctl.o(.constdata)
    g_sXTALtoMEMTIM                          0x00006f30   Data          48  sysctl.o(.constdata)
    .data                                    0x20000000   Section       95  can.o(.data)
    .data                                    0x2000005f   Section        1  can.o(.data)
    .data                                    0x20000060   Section        1  can.o(.data)
    .data                                    0x20000064   Section       80  display.o(.data)
    .data                                    0x200000b4   Section        4  display.o(.data)
    .data                                    0x200000b8   Section        4  display.o(.data)
    .data                                    0x200000bc   Section        4  display.o(.data)
    .data                                    0x200000c0   Section       24  display.o(.data)
    .data                                    0x200000d8   Section      104  function.o(.data)
    ulTimer1Sec                              0x200000ec   Data           4  function.o(.data)
    ulTimer1ms                               0x200000f0   Data           4  function.o(.data)
    .data                                    0x20000140   Section        1  main.o(.data)
    .data                                    0x20000144   Section      336  scroll_h.o(.data)
    .data                                    0x20000294   Section      324  scroll_v.o(.data)
    .bss                                     0x200003d8   Section      280  can.o(.bss)
    .bss                                     0x200004f0   Section      152  display.o(.bss)
    .bss                                     0x20000588   Section       12  display.o(.bss)
    .bss                                     0x20000594   Section       16  function.o(.bss)
    .bss                                     0x200005a4   Section       96  libspace.o(.bss)
    HEAP                                     0x20000608   Section        0  startup_rvmdk.o(HEAP)
    STACK                                    0x20000608   Section     1024  startup_rvmdk.o(STACK)
    HeapMem                                  0x20000608   Data           0  startup_rvmdk.o(HEAP)
    StackMem                                 0x20000608   Data           0  startup_rvmdk.o(STACK)

    Global Symbols

    Symbol Name                              Value     Ov Type        Size  Object(Section)

    BuildAttributes$$THM_ISAv4$E$P$D$K$B$S$7EM$VFPi3$EXTD16$VFPS$VFMA$PE$A:L22UL41UL21$X:L11$S22US41US21$IEEE1$IW$USESV6$~STKCKD$USESV7$~SHL$OTIME$ROPI$EBA8$UX$STANDARDLIB$REQ8$PRES8$EABIv2 0x00000000   Number         0  anon$$obj.o ABSOLUTE
    __ARM_use_no_argv                        0x00000000   Number         0  main.o ABSOLUTE
    __Vectors                                0x00000000   Data           0  startup_rvmdk.o(RESET)
    __ARM_exceptions_init                     - Undefined Weak Reference
    __alloca_initialize                       - Undefined Weak Reference
    __cpp_initialize__aeabi_                  - Undefined Weak Reference
    __cxa_finalize                            - Undefined Weak Reference
    __rt_locale                               - Undefined Weak Reference
    __sigvec_lookup                           - Undefined Weak Reference
    _atexit_init                              - Undefined Weak Reference
    _call_atexit_fns                          - Undefined Weak Reference
    _clock_init                               - Undefined Weak Reference
    _fp_trap_init                             - Undefined Weak Reference
    _fp_trap_shutdown                         - Undefined Weak Reference
    _get_lc_collate                           - Undefined Weak Reference
    _get_lc_ctype                             - Undefined Weak Reference
    _get_lc_monetary                          - Undefined Weak Reference
    _get_lc_numeric                           - Undefined Weak Reference
    _get_lc_time                              - Undefined Weak Reference
    _getenv_init                              - Undefined Weak Reference
    _handle_redirection                       - Undefined Weak Reference
    _init_alloc                               - Undefined Weak Reference
    _init_user_alloc                          - Undefined Weak Reference
    _initio                                   - Undefined Weak Reference
    _rand_init                                - Undefined Weak Reference
    _signal_finish                            - Undefined Weak Reference
    _signal_init                              - Undefined Weak Reference
    _terminate_alloc                          - Undefined Weak Reference
    _terminate_user_alloc                     - Undefined Weak Reference
    _terminateio                              - Undefined Weak Reference
    Reset_Handler                            0x0000026d   Thumb Code     0  startup_rvmdk.o(RESET)
    __main                                   0x00000289   Thumb Code     8  __main.o(!!!main)
    __scatterload                            0x00000291   Thumb Code     0  __scatter.o(!!!scatter)
    __scatterload_rt2                        0x00000291   Thumb Code    44  __scatter.o(!!!scatter)
    __scatterload_rt2_thumb_only             0x00000291   Thumb Code     0  __scatter.o(!!!scatter)
    __scatterload_null                       0x0000029f   Thumb Code     0  __scatter.o(!!!scatter)
    __decompress                             0x000002c5   Thumb Code    90  __dczerorl2.o(!!dczerorl2)
    __decompress1                            0x000002c5   Thumb Code     0  __dczerorl2.o(!!dczerorl2)
    __scatterload_zeroinit                   0x00000321   Thumb Code    28  __scatter_zi.o(!!handler_zi)
    __rt_lib_init                            0x0000033d   Thumb Code     0  libinit.o(.ARM.Collect$$libinit$$00000000)
    __rt_lib_init_fp_1                       0x0000033f   Thumb Code     0  libinit2.o(.ARM.Collect$$libinit$$00000001)
    __rt_lib_init_alloca_1                   0x00000343   Thumb Code     0  libinit2.o(.ARM.Collect$$libinit$$0000002C)
    __rt_lib_init_argv_1                     0x00000343   Thumb Code     0  libinit2.o(.ARM.Collect$$libinit$$0000002A)
    __rt_lib_init_atexit_1                   0x00000343   Thumb Code     0  libinit2.o(.ARM.Collect$$libinit$$00000019)
    __rt_lib_init_clock_1                    0x00000343   Thumb Code     0  libinit2.o(.ARM.Collect$$libinit$$0000001F)
    __rt_lib_init_cpp_1                      0x00000343   Thumb Code     0  libinit2.o(.ARM.Collect$$libinit$$00000030)
    __rt_lib_init_exceptions_1               0x00000343   Thumb Code     0  libinit2.o(.ARM.Collect$$libinit$$0000002E)
    __rt_lib_init_fp_trap_1                  0x00000343   Thumb Code     0  libinit2.o(.ARM.Collect$$libinit$$0000001D)
    __rt_lib_init_getenv_1                   0x00000343   Thumb Code     0  libinit2.o(.ARM.Collect$$libinit$$00000021)
    __rt_lib_init_heap_1                     0x00000343   Thumb Code     0  libinit2.o(.ARM.Collect$$libinit$$00000008)
    __rt_lib_init_lc_collate_1               0x00000343   Thumb Code     0  libinit2.o(.ARM.Collect$$libinit$$0000000F)
    __rt_lib_init_lc_ctype_1                 0x00000343   Thumb Code     0  libinit2.o(.ARM.Collect$$libinit$$00000011)
    __rt_lib_init_lc_monetary_1              0x00000343   Thumb Code     0  libinit2.o(.ARM.Collect$$libinit$$00000013)
    __rt_lib_init_lc_numeric_1               0x00000343   Thumb Code     0  libinit2.o(.ARM.Collect$$libinit$$00000015)
    __rt_lib_init_lc_time_1                  0x00000343   Thumb Code     0  libinit2.o(.ARM.Collect$$libinit$$00000017)
    __rt_lib_init_rand_1                     0x00000343   Thumb Code     0  libinit2.o(.ARM.Collect$$libinit$$0000000C)
    __rt_lib_init_return                     0x00000343   Thumb Code     0  libinit2.o(.ARM.Collect$$libinit$$00000031)
    __rt_lib_init_signal_1                   0x00000343   Thumb Code     0  libinit2.o(.ARM.Collect$$libinit$$0000001B)
    __rt_lib_init_stdio_1                    0x00000343   Thumb Code     0  libinit2.o(.ARM.Collect$$libinit$$00000023)
    __rt_lib_init_user_alloc_1               0x00000343   Thumb Code     0  libinit2.o(.ARM.Collect$$libinit$$0000000A)
    __rt_lib_shutdown                        0x00000345   Thumb Code     0  libshutdown.o(.ARM.Collect$$libshutdown$$00000000)
    __rt_lib_shutdown_fp_trap_1              0x00000347   Thumb Code     0  libshutdown2.o(.ARM.Collect$$libshutdown$$00000006)
    __rt_lib_shutdown_heap_1                 0x00000347   Thumb Code     0  libshutdown2.o(.ARM.Collect$$libshutdown$$0000000E)
    __rt_lib_shutdown_return                 0x00000347   Thumb Code     0  libshutdown2.o(.ARM.Collect$$libshutdown$$0000000F)
    __rt_lib_shutdown_signal_1               0x00000347   Thumb Code     0  libshutdown2.o(.ARM.Collect$$libshutdown$$00000009)
    __rt_lib_shutdown_stdio_1                0x00000347   Thumb Code     0  libshutdown2.o(.ARM.Collect$$libshutdown$$00000003)
    __rt_lib_shutdown_user_alloc_1           0x00000347   Thumb Code     0  libshutdown2.o(.ARM.Collect$$libshutdown$$0000000B)
    __rt_entry                               0x00000349   Thumb Code     0  rtentry.o(.ARM.Collect$$rtentry$$00000000)
    __rt_entry_presh_1                       0x00000349   Thumb Code     0  rtentry2.o(.ARM.Collect$$rtentry$$00000002)
    __rt_entry_sh                            0x00000349   Thumb Code     0  rtentry4.o(.ARM.Collect$$rtentry$$00000004)
    __rt_entry_li                            0x0000034f   Thumb Code     0  rtentry2.o(.ARM.Collect$$rtentry$$0000000A)
    __rt_entry_postsh_1                      0x0000034f   Thumb Code     0  rtentry2.o(.ARM.Collect$$rtentry$$00000009)
    __rt_entry_main                          0x00000353   Thumb Code     0  rtentry2.o(.ARM.Collect$$rtentry$$0000000D)
    __rt_entry_postli_1                      0x00000353   Thumb Code     0  rtentry2.o(.ARM.Collect$$rtentry$$0000000C)
    __rt_exit                                0x0000035b   Thumb Code     0  rtexit.o(.ARM.Collect$$rtexit$$00000000)
    __rt_exit_ls                             0x0000035d   Thumb Code     0  rtexit2.o(.ARM.Collect$$rtexit$$00000003)
    __rt_exit_prels_1                        0x0000035d   Thumb Code     0  rtexit2.o(.ARM.Collect$$rtexit$$00000002)
    __rt_exit_exit                           0x00000361   Thumb Code     0  rtexit2.o(.ARM.Collect$$rtexit$$00000004)
    SysCtlDelay                              0x00000369   Thumb Code     6  sysctl.o(.emb_text)
    CPUcpsid                                 0x00000371   Thumb Code     8  cpu.o(.emb_text)
    CPUprimask                               0x00000379   Thumb Code     6  cpu.o(.emb_text)
    CPUcpsie                                 0x0000037f   Thumb Code     8  cpu.o(.emb_text)
    CPUwfi                                   0x00000387   Thumb Code     4  cpu.o(.emb_text)
    CPUbasepriSet                            0x0000038b   Thumb Code     6  cpu.o(.emb_text)
    CPUbasepriGet                            0x00000391   Thumb Code     6  cpu.o(.emb_text)
    vCAN0Handler                             0x00000399   Thumb Code    90  can.o(.text)
    vCAN1Handler                             0x000003f3   Thumb Code    92  can.o(.text)
    CANConfigureNetwork                      0x0000044f   Thumb Code   380  can.o(.text)
    vCANConfig                               0x000005cb   Thumb Code   174  can.o(.text)
    vCAN0Send                                0x00000679   Thumb Code    26  can.o(.text)
    vCAN1Send                                0x00000693   Thumb Code    26  can.o(.text)
    vDispConfig                              0x000006e1   Thumb Code    46  display.o(.text)
    vClearDisp                               0x0000070f   Thumb Code    14  display.o(.text)
    vDisplay                                 0x0000071d   Thumb Code   110  display.o(.text)
    vScanled                                 0x0000078b   Thumb Code   694  display.o(.text)
    vInput                                   0x00000a69   Thumb Code   108  function.o(.text)
    vOutput                                  0x00000ad5   Thumb Code     2  function.o(.text)
    vPoll                                    0x00000ad7   Thumb Code   520  function.o(.text)
    vSysTickTimerExpired                     0x00000cdf   Thumb Code   282  function.o(.text)
    vWDTHandler                              0x00000e49   Thumb Code    22  main.o(.text)
    vWDTConfig                               0x00000e5f   Thumb Code    48  main.o(.text)
    vHardwareConfig                          0x00000e8f   Thumb Code   714  main.o(.text)
    main                                     0x00001159   Thumb Code    16  main.o(.text)
    ucScrollStringH                          0x00001199   Thumb Code   126  scroll_h.o(.text)
    ucScrollArrowH                           0x00001217   Thumb Code   340  scroll_h.o(.text)
    ucScrollNumberH                          0x0000136b   Thumb Code   248  scroll_h.o(.text)
    vScrollH                                 0x00001463   Thumb Code   366  scroll_h.o(.text)
    ucScrollStringV                          0x000015d1   Thumb Code    78  scroll_v.o(.text)
    ucScrollArrowV                           0x0000161f   Thumb Code   410  scroll_v.o(.text)
    ucScrollNumberV                          0x000017b9   Thumb Code   208  scroll_v.o(.text)
    vScrollV                                 0x00001889   Thumb Code   226  scroll_v.o(.text)
    vSysTickHandler                          0x000019a9   Thumb Code     4  sysclock.o(.text)
    vSysTickConfig                           0x000019ad   Thumb Code    18  sysclock.o(.text)
    __user_initial_stackheap                 0x000019c1   Thumb Code     0  startup_rvmdk.o(.text)
    __use_two_region_memory                  0x000019d9   Thumb Code     2  heapauxi.o(.text)
    __rt_heap_escrow$2region                 0x000019db   Thumb Code     2  heapauxi.o(.text)
    __rt_heap_expand$2region                 0x000019dd   Thumb Code     2  heapauxi.o(.text)
    __user_setup_stackheap                   0x000019df   Thumb Code    74  sys_stackheap_outer.o(.text)
    exit                                     0x00001a29   Thumb Code    12  exit.o(.text)
    __user_libspace                          0x00001a35   Thumb Code     8  libspace.o(.text)
    __user_perproc_libspace                  0x00001a35   Thumb Code     0  libspace.o(.text)
    __user_perthread_libspace                0x00001a35   Thumb Code     0  libspace.o(.text)
    _sys_exit                                0x00001a3d   Thumb Code     8  sys_exit.o(.text)
    __I$use$semihosting                      0x00001a49   Thumb Code     0  use_no_semi.o(.text)
    __use_no_semihosting_swi                 0x00001a49   Thumb Code     2  use_no_semi.o(.text)
    __semihosting_library_function           0x00001a4b   Thumb Code     0  indicate_semi.o(.text)
    CANBitRateSet                            0x00001a4d   Thumb Code   108  can.o(i.CANBitRateSet)
    CANEnable                                0x00001abd   Thumb Code    10  can.o(i.CANEnable)
    CANInit                                  0x00001ac7   Thumb Code    66  can.o(i.CANInit)
    CANIntClear                              0x00001b09   Thumb Code    38  can.o(i.CANIntClear)
    CANIntEnable                             0x00001b2f   Thumb Code     8  can.o(i.CANIntEnable)
    CANIntStatus                             0x00001b37   Thumb Code    32  can.o(i.CANIntStatus)
    CANMessageGet                            0x00001b57   Thumb Code   378  can.o(i.CANMessageGet)
    CANMessageSet                            0x00001cd1   Thumb Code   358  can.o(i.CANMessageSet)
    CANStatusGet                             0x00001e37   Thumb Code    68  can.o(i.CANStatusGet)
    GPIODirModeSet                           0x00001e7b   Thumb Code    40  gpio.o(i.GPIODirModeSet)
    GPIOPadConfigSet                         0x00001ea3   Thumb Code   312  gpio.o(i.GPIOPadConfigSet)
    GPIOPinConfigure                         0x00001fdd   Thumb Code    60  gpio.o(i.GPIOPinConfigure)
    GPIOPinRead                              0x00002021   Thumb Code     6  gpio.o(i.GPIOPinRead)
    GPIOPinTypeCAN                           0x00002027   Thumb Code    28  gpio.o(i.GPIOPinTypeCAN)
    GPIOPinTypeGPIOInput                     0x00002043   Thumb Code    28  gpio.o(i.GPIOPinTypeGPIOInput)
    GPIOPinTypeGPIOOutput                    0x0000205f   Thumb Code    28  gpio.o(i.GPIOPinTypeGPIOOutput)
    GPIOPinWrite                             0x0000207b   Thumb Code     6  gpio.o(i.GPIOPinWrite)
    IntEnable                                0x00002081   Thumb Code    92  interrupt.o(i.IntEnable)
    IntMasterEnable                          0x000020e5   Thumb Code    14  interrupt.o(i.IntMasterEnable)
    SysCtlClockGet                           0x000020f5   Thumb Code   304  sysctl.o(i.SysCtlClockGet)
    SysCtlClockSet                           0x00002249   Thumb Code   270  sysctl.o(i.SysCtlClockSet)
    SysCtlPeripheralEnable                   0x00002369   Thumb Code    36  sysctl.o(i.SysCtlPeripheralEnable)
    SysCtlPeripheralReset                    0x00002391   Thumb Code    56  sysctl.o(i.SysCtlPeripheralReset)
    SysTickEnable                            0x000023cd   Thumb Code    14  systick.o(i.SysTickEnable)
    SysTickIntEnable                         0x000023db   Thumb Code    14  systick.o(i.SysTickIntEnable)
    SysTickPeriodSet                         0x000023e9   Thumb Code    10  systick.o(i.SysTickPeriodSet)
    WatchdogEnable                           0x000023f3   Thumb Code    10  watchdog.o(i.WatchdogEnable)
    WatchdogIntClear                         0x000023fd   Thumb Code     6  watchdog.o(i.WatchdogIntClear)
    WatchdogReloadSet                        0x00002403   Thumb Code     4  watchdog.o(i.WatchdogReloadSet)
    WatchdogResetEnable                      0x00002407   Thumb Code    10  watchdog.o(i.WatchdogResetEnable)
    _fp_init                                 0x00002411   Thumb Code    10  fpinit.o(x$fpl$fpinit)
    __fplib_config_fpu_vfp                   0x00002419   Thumb Code     0  fpinit.o(x$fpl$fpinit)
    __fplib_config_pureend_doubles           0x00002419   Thumb Code     0  fpinit.o(x$fpl$fpinit)
    uiStringKiemTraThang                     0x0000241c   Data         484  display.o(.constdata)
    uiStringTest                             0x00002600   Data         192  display.o(.constdata)
    uiStringTamDung                          0x000026c0   Data         400  display.o(.constdata)
    uiStringCuuHo                            0x00002850   Data         328  display.o(.constdata)
    uiStringCuuHoa                           0x00002998   Data         332  display.o(.constdata)
    uiStringUuTienCabin                      0x00002ae4   Data         464  display.o(.constdata)
    uiStringQuaTai                           0x00002cb4   Data         312  display.o(.constdata)
    uiStringReset                            0x00002dec   Data         292  display.o(.constdata)
    uiStringDongDat                          0x00002f10   Data         288  display.o(.constdata)
    uiStringDangSuDung                       0x00003030   Data         288  display.o(.constdata)
    xDemoData                                0x00003150   Data         552  function.o(.constdata)
    MASK                                     0x00003378   Data         128  main.o(.constdata)
    uiNumberH_OFF                            0x000033f8   Data          64  scroll_h.o(.constdata)
    uiNumberH_E                              0x00003438   Data          64  scroll_h.o(.constdata)
    uiNumberH_B                              0x00003478   Data          64  scroll_h.o(.constdata)
    uiNumberH_L                              0x000034b8   Data          64  scroll_h.o(.constdata)
    uiNumberH_M                              0x000034f8   Data          64  scroll_h.o(.constdata)
    uiNumberH_3A                             0x00003538   Data          64  scroll_h.o(.constdata)
    uiNumberH_4A                             0x00003578   Data          64  scroll_h.o(.constdata)
    uiNumberH_4B                             0x000035b8   Data          64  scroll_h.o(.constdata)
    uiNumberH_5A                             0x000035f8   Data          64  scroll_h.o(.constdata)
    uiNumberH_5B                             0x00003638   Data          64  scroll_h.o(.constdata)
    uiNumberH_12A                            0x00003678   Data          64  scroll_h.o(.constdata)
    uiNumberH_14A                            0x000036b8   Data          64  scroll_h.o(.constdata)
    uiNumberH_E0                             0x000036f8   Data          64  scroll_h.o(.constdata)
    uiNumberH_E1                             0x00003738   Data          64  scroll_h.o(.constdata)
    uiNumberH_E2                             0x00003778   Data          64  scroll_h.o(.constdata)
    uiNumberH_E3                             0x000037b8   Data          64  scroll_h.o(.constdata)
    uiNumberH_E4                             0x000037f8   Data          64  scroll_h.o(.constdata)
    uiNumberH_E5                             0x00003838   Data          64  scroll_h.o(.constdata)
    uiNumberH_E6                             0x00003878   Data          64  scroll_h.o(.constdata)
    uiNumberH_E7                             0x000038b8   Data          64  scroll_h.o(.constdata)
    uiNumberH_B1                             0x000038f8   Data          64  scroll_h.o(.constdata)
    uiNumberH_B2                             0x00003938   Data          64  scroll_h.o(.constdata)
    uiNumberH_B3                             0x00003978   Data          64  scroll_h.o(.constdata)
    uiNumberH_B4                             0x000039b8   Data          64  scroll_h.o(.constdata)
    uiNumberH_B5                             0x000039f8   Data          64  scroll_h.o(.constdata)
    uiNumberH_M1                             0x00003a38   Data          64  scroll_h.o(.constdata)
    uiNumberH_M2                             0x00003a78   Data          64  scroll_h.o(.constdata)
    uiNumberH_H1                             0x00003ab8   Data          64  scroll_h.o(.constdata)
    uiNumberH_H2                             0x00003af8   Data          64  scroll_h.o(.constdata)
    uiNumberH_G                              0x00003b38   Data          64  scroll_h.o(.constdata)
    uiNumberH_1                              0x00003b78   Data          64  scroll_h.o(.constdata)
    uiNumberH_2                              0x00003bb8   Data          64  scroll_h.o(.constdata)
    uiNumberH_3                              0x00003bf8   Data          64  scroll_h.o(.constdata)
    uiNumberH_4                              0x00003c38   Data          64  scroll_h.o(.constdata)
    uiNumberH_5                              0x00003c78   Data          64  scroll_h.o(.constdata)
    uiNumberH_6                              0x00003cb8   Data          64  scroll_h.o(.constdata)
    uiNumberH_7                              0x00003cf8   Data          64  scroll_h.o(.constdata)
    uiNumberH_8                              0x00003d38   Data          64  scroll_h.o(.constdata)
    uiNumberH_9                              0x00003d78   Data          64  scroll_h.o(.constdata)
    uiNumberH_10                             0x00003db8   Data          64  scroll_h.o(.constdata)
    uiNumberH_11                             0x00003df8   Data          64  scroll_h.o(.constdata)
    uiNumberH_12                             0x00003e38   Data          64  scroll_h.o(.constdata)
    uiNumberH_13                             0x00003e78   Data          64  scroll_h.o(.constdata)
    uiNumberH_14                             0x00003eb8   Data          64  scroll_h.o(.constdata)
    uiNumberH_15                             0x00003ef8   Data          64  scroll_h.o(.constdata)
    uiNumberH_16                             0x00003f38   Data          64  scroll_h.o(.constdata)
    uiNumberH_17                             0x00003f78   Data          64  scroll_h.o(.constdata)
    uiNumberH_18                             0x00003fb8   Data          64  scroll_h.o(.constdata)
    uiNumberH_19                             0x00003ff8   Data          64  scroll_h.o(.constdata)
    uiNumberH_20                             0x00004038   Data          64  scroll_h.o(.constdata)
    uiNumberH_21                             0x00004078   Data          64  scroll_h.o(.constdata)
    uiNumberH_22                             0x000040b8   Data          64  scroll_h.o(.constdata)
    uiNumberH_23                             0x000040f8   Data          64  scroll_h.o(.constdata)
    uiNumberH_24                             0x00004138   Data          64  scroll_h.o(.constdata)
    uiNumberH_25                             0x00004178   Data          64  scroll_h.o(.constdata)
    uiNumberH_26                             0x000041b8   Data          64  scroll_h.o(.constdata)
    uiNumberH_27                             0x000041f8   Data          64  scroll_h.o(.constdata)
    uiNumberH_28                             0x00004238   Data          64  scroll_h.o(.constdata)
    uiNumberH_29                             0x00004278   Data          64  scroll_h.o(.constdata)
    uiNumberH_30                             0x000042b8   Data          64  scroll_h.o(.constdata)
    uiNumberH_31                             0x000042f8   Data          64  scroll_h.o(.constdata)
    uiNumberH_32                             0x00004338   Data          64  scroll_h.o(.constdata)
    uiNumberH_33                             0x00004378   Data          64  scroll_h.o(.constdata)
    uiNumberH_34                             0x000043b8   Data          64  scroll_h.o(.constdata)
    uiNumberH_35                             0x000043f8   Data          64  scroll_h.o(.constdata)
    uiNumberH_36                             0x00004438   Data          64  scroll_h.o(.constdata)
    uiNumberH_37                             0x00004478   Data          64  scroll_h.o(.constdata)
    uiNumberH_38                             0x000044b8   Data          64  scroll_h.o(.constdata)
    uiNumberH_39                             0x000044f8   Data          64  scroll_h.o(.constdata)
    uiNumberH_B6                             0x00004538   Data          64  scroll_h.o(.constdata)
    uiNumberH_12B                            0x00004578   Data          64  scroll_h.o(.constdata)
    uiNumberH_14B                            0x000045b8   Data          64  scroll_h.o(.constdata)
    uiNumberH_R                              0x000045f8   Data          64  scroll_h.o(.constdata)
    uiNumberH_T                              0x00004638   Data          64  scroll_h.o(.constdata)
    uiNumberH_3B                             0x00004678   Data          64  scroll_h.o(.constdata)
    uiNumberH_B7                             0x000046b8   Data          64  scroll_h.o(.constdata)
    uiNumberH_GL                             0x000046f8   Data          64  scroll_h.o(.constdata)
    uiNumberH_M3                             0x00004738   Data          64  scroll_h.o(.constdata)
    uiNumberH_ST                             0x00004778   Data          64  scroll_h.o(.constdata)
    uiNumberH_L1                             0x000047b8   Data          64  scroll_h.o(.constdata)
    uiNumberH_L2                             0x000047f8   Data          64  scroll_h.o(.constdata)
    uiNumberH_L3                             0x00004838   Data          64  scroll_h.o(.constdata)
    uiNumberH_L4                             0x00004878   Data          64  scroll_h.o(.constdata)
    uiNumberH_L5                             0x000048b8   Data          64  scroll_h.o(.constdata)
    uiArrowHUp                               0x000048f8   Data          64  scroll_h.o(.constdata)
    uiArrowHDown                             0x00004938   Data          64  scroll_h.o(.constdata)
    xNumberCodeH                             0x00004978   Data        1440  scroll_h.o(.constdata)
    uiNumberV_OFF                            0x00004f18   Data          64  scroll_v.o(.constdata)
    uiNumberV_E                              0x00004f58   Data          64  scroll_v.o(.constdata)
    uiNumberV_B                              0x00004f98   Data          64  scroll_v.o(.constdata)
    uiNumberV_L                              0x00004fd8   Data          64  scroll_v.o(.constdata)
    uiNumberV_M                              0x00005018   Data          64  scroll_v.o(.constdata)
    uiNumberV_3A                             0x00005058   Data          64  scroll_v.o(.constdata)
    uiNumberV_4A                             0x00005098   Data          64  scroll_v.o(.constdata)
    uiNumberV_12A                            0x000050d8   Data          64  scroll_v.o(.constdata)
    uiNumberV_14A                            0x00005118   Data          64  scroll_v.o(.constdata)
    uiNumberV_E0                             0x00005158   Data          64  scroll_v.o(.constdata)
    uiNumberV_E1                             0x00005198   Data          64  scroll_v.o(.constdata)
    uiNumberV_E2                             0x000051d8   Data          64  scroll_v.o(.constdata)
    uiNumberV_E3                             0x00005218   Data          64  scroll_v.o(.constdata)
    uiNumberV_E4                             0x00005258   Data          64  scroll_v.o(.constdata)
    uiNumberV_E5                             0x00005298   Data          64  scroll_v.o(.constdata)
    uiNumberV_E6                             0x000052d8   Data          64  scroll_v.o(.constdata)
    uiNumberV_E7                             0x00005318   Data          64  scroll_v.o(.constdata)
    uiNumberV_B1                             0x00005358   Data          64  scroll_v.o(.constdata)
    uiNumberV_B2                             0x00005398   Data          64  scroll_v.o(.constdata)
    uiNumberV_B3                             0x000053d8   Data          64  scroll_v.o(.constdata)
    uiNumberV_B4                             0x00005418   Data          64  scroll_v.o(.constdata)
    uiNumberV_B5                             0x00005458   Data          64  scroll_v.o(.constdata)
    uiNumberV_M1                             0x00005498   Data          64  scroll_v.o(.constdata)
    uiNumberV_M2                             0x000054d8   Data          64  scroll_v.o(.constdata)
    uiNumberV_H1                             0x00005518   Data          64  scroll_v.o(.constdata)
    uiNumberV_H2                             0x00005558   Data          64  scroll_v.o(.constdata)
    uiNumberV_G                              0x00005598   Data          64  scroll_v.o(.constdata)
    uiNumberV_1                              0x000055d8   Data          64  scroll_v.o(.constdata)
    uiNumberV_2                              0x00005618   Data          64  scroll_v.o(.constdata)
    uiNumberV_3                              0x00005658   Data          64  scroll_v.o(.constdata)
    uiNumberV_4                              0x00005698   Data          64  scroll_v.o(.constdata)
    uiNumberV_5                              0x000056d8   Data          64  scroll_v.o(.constdata)
    uiNumberV_6                              0x00005718   Data          64  scroll_v.o(.constdata)
    uiNumberV_7                              0x00005758   Data          64  scroll_v.o(.constdata)
    uiNumberV_8                              0x00005798   Data          64  scroll_v.o(.constdata)
    uiNumberV_9                              0x000057d8   Data          64  scroll_v.o(.constdata)
    uiNumberV_10                             0x00005818   Data          64  scroll_v.o(.constdata)
    uiNumberV_11                             0x00005858   Data          64  scroll_v.o(.constdata)
    uiNumberV_12                             0x00005898   Data          64  scroll_v.o(.constdata)
    uiNumberV_13                             0x000058d8   Data          64  scroll_v.o(.constdata)
    uiNumberV_14                             0x00005918   Data          64  scroll_v.o(.constdata)
    uiNumberV_15                             0x00005958   Data          64  scroll_v.o(.constdata)
    uiNumberV_16                             0x00005998   Data          64  scroll_v.o(.constdata)
    uiNumberV_17                             0x000059d8   Data          64  scroll_v.o(.constdata)
    uiNumberV_18                             0x00005a18   Data          64  scroll_v.o(.constdata)
    uiNumberV_19                             0x00005a58   Data          64  scroll_v.o(.constdata)
    uiNumberV_20                             0x00005a98   Data          64  scroll_v.o(.constdata)
    uiNumberV_21                             0x00005ad8   Data          64  scroll_v.o(.constdata)
    uiNumberV_22                             0x00005b18   Data          64  scroll_v.o(.constdata)
    uiNumberV_23                             0x00005b58   Data          64  scroll_v.o(.constdata)
    uiNumberV_24                             0x00005b98   Data          64  scroll_v.o(.constdata)
    uiNumberV_25                             0x00005bd8   Data          64  scroll_v.o(.constdata)
    uiNumberV_26                             0x00005c18   Data          64  scroll_v.o(.constdata)
    uiNumberV_27                             0x00005c58   Data          64  scroll_v.o(.constdata)
    uiNumberV_28                             0x00005c98   Data          64  scroll_v.o(.constdata)
    uiNumberV_29                             0x00005cd8   Data          64  scroll_v.o(.constdata)
    uiNumberV_30                             0x00005d18   Data          64  scroll_v.o(.constdata)
    uiNumberV_31                             0x00005d58   Data          64  scroll_v.o(.constdata)
    uiNumberV_32                             0x00005d98   Data          64  scroll_v.o(.constdata)
    uiNumberV_33                             0x00005dd8   Data          64  scroll_v.o(.constdata)
    uiNumberV_34                             0x00005e18   Data          64  scroll_v.o(.constdata)
    uiNumberV_35                             0x00005e58   Data          64  scroll_v.o(.constdata)
    uiNumberV_36                             0x00005e98   Data          64  scroll_v.o(.constdata)
    uiNumberV_37                             0x00005ed8   Data          64  scroll_v.o(.constdata)
    uiNumberV_38                             0x00005f18   Data          64  scroll_v.o(.constdata)
    uiNumberV_39                             0x00005f58   Data          64  scroll_v.o(.constdata)
    uiNumberV_12B                            0x00005f98   Data          64  scroll_v.o(.constdata)
    uiNumberV_14B                            0x00005fd8   Data          64  scroll_v.o(.constdata)
    uiNumberV_B6                             0x00006018   Data          64  scroll_v.o(.constdata)
    uiNumberV_R                              0x00006058   Data          64  scroll_v.o(.constdata)
    uiNumberV_T                              0x00006098   Data          64  scroll_v.o(.constdata)
    uiNumberV_3B                             0x000060d8   Data          64  scroll_v.o(.constdata)
    uiNumberV_B7                             0x00006118   Data          64  scroll_v.o(.constdata)
    uiNumberV_GL                             0x00006158   Data          64  scroll_v.o(.constdata)
    uiNumberV_M3                             0x00006198   Data          64  scroll_v.o(.constdata)
    uiNumberV_ST                             0x000061d8   Data          64  scroll_v.o(.constdata)
    uiNumberV_L1                             0x00006218   Data          64  scroll_v.o(.constdata)
    uiNumberV_L2                             0x00006258   Data          64  scroll_v.o(.constdata)
    uiNumberV_L3                             0x00006298   Data          64  scroll_v.o(.constdata)
    uiNumberV_L4                             0x000062d8   Data          64  scroll_v.o(.constdata)
    uiNumberV_L5                             0x00006318   Data          64  scroll_v.o(.constdata)
    uiArrowVUp                               0x00006358   Data          64  scroll_v.o(.constdata)
    uiArrowVDown                             0x00006398   Data          64  scroll_v.o(.constdata)
    uiArrowTest                              0x000063d8   Data          64  scroll_v.o(.constdata)
    xNumberCodeV                             0x00006418   Data        1440  scroll_v.o(.constdata)
    Region$$Table$$Base                      0x00006f60   Number         0  anon$$obj.o(Region$$Table)
    Region$$Table$$Limit                     0x00006f80   Number         0  anon$$obj.o(Region$$Table)
    ucCANBusoff                              0x20000000   Data           1  can.o(.data)
    _checkcan0                               0x20000001   Data           1  can.o(.data)
    _checkcan1                               0x20000002   Data           1  can.o(.data)
    xData                                    0x20000003   Data           4  can.o(.data)
    ucCAN1DispStatus                         0x20000007   Data           8  can.o(.data)
    ucCAN0InX1                               0x2000000f   Data           8  can.o(.data)
    ucCAN0DispStatus                         0x20000017   Data           8  can.o(.data)
    ucCAN0InSHC                              0x2000001f   Data           8  can.o(.data)
    ucCAN1InSHC                              0x20000027   Data           8  can.o(.data)
    ucCAN0DrSHC                              0x2000002f   Data           8  can.o(.data)
    ucCAN1DrSHC                              0x20000037   Data           8  can.o(.data)
    ucCAN1InX1                               0x2000003f   Data           8  can.o(.data)
    ucCANOutSHC                              0x20000047   Data           8  can.o(.data)
    ucCANOutX1                               0x2000004f   Data           8  can.o(.data)
    ucCANClearBTH                            0x20000057   Data           8  can.o(.data)
    ucPos                                    0x2000005f   Data           1  can.o(.data)
    ucCAN0TxFlag                             0x20000060   Data           1  can.o(.data)
    xStringTable                             0x20000064   Data          80  display.o(.data)
    ulNumberDelay                            0x200000b4   Data           4  display.o(.data)
    ulArrowDelay                             0x200000b8   Data           4  display.o(.data)
    ulStringDelay                            0x200000bc   Data           4  display.o(.data)
    ucBlock11                                0x200000c0   Data           1  display.o(.data)
    ucBlock12                                0x200000c1   Data           1  display.o(.data)
    ucBlock21                                0x200000c2   Data           1  display.o(.data)
    ucBlock22                                0x200000c3   Data           1  display.o(.data)
    ucColumn                                 0x200000c4   Data           1  display.o(.data)
    ulPWMCnt                                 0x200000c8   Data           4  display.o(.data)
    pvScroll                                 0x200000cc   Data           4  display.o(.data)
    xBlock                                   0x200000d0   Data           8  display.o(.data)
    ucDemoCode                               0x200000d8   Data           1  function.o(.data)
    ucSampleIndex                            0x200000d9   Data           1  function.o(.data)
    ucLTUOut                                 0x200000da   Data           1  function.o(.data)
    ucLTDOut                                 0x200000db   Data           1  function.o(.data)
    ucBTUIn                                  0x200000dc   Data           1  function.o(.data)
    ucBTDIn                                  0x200000dd   Data           1  function.o(.data)
    ucBTUSend                                0x200000de   Data           1  function.o(.data)
    ucBTDSend                                0x200000df   Data           1  function.o(.data)
    ucLTURcv                                 0x200000e0   Data           1  function.o(.data)
    ucLTDRcv                                 0x200000e1   Data           1  function.o(.data)
    ucOutX1                                  0x200000e2   Data           1  function.o(.data)
    ucX1                                     0x200000e3   Data           1  function.o(.data)
    ucIn1                                    0x200000e4   Data           1  function.o(.data)
    ucIn2                                    0x200000e5   Data           1  function.o(.data)
    ucIn3                                    0x200000e6   Data           1  function.o(.data)
    ucPreDisplay                             0x200000e7   Data           1  function.o(.data)
    Mode_Display                             0x200000e8   Data           1  function.o(.data)
    ulInport                                 0x200000f4   Data           4  function.o(.data)
    ulPreInp                                 0x200000f8   Data           4  function.o(.data)
    ulTimerBTUJam                            0x200000fc   Data           4  function.o(.data)
    ulTimerBTDJam                            0x20000100   Data           4  function.o(.data)
    ulTimerIn1                               0x20000104   Data           4  function.o(.data)
    ulTimerIn2                               0x20000108   Data           4  function.o(.data)
    ulTimerIn3                               0x2000010c   Data           4  function.o(.data)
    ulTimerIn4                               0x20000110   Data           4  function.o(.data)
    ulTimerIn5                               0x20000114   Data           4  function.o(.data)
    ulTimerIn6                               0x20000118   Data           4  function.o(.data)
    ulTimerIn7                               0x2000011c   Data           4  function.o(.data)
    ulTimerIn8                               0x20000120   Data           4  function.o(.data)
    ulTimerInport                            0x20000124   Data           4  function.o(.data)
    ulTimerPWM                               0x20000128   Data           4  function.o(.data)
    ulTimerCAN0Tx                            0x2000012c   Data           4  function.o(.data)
    ulTimerCAN1Tx                            0x20000130   Data           4  function.o(.data)
    ulTimerX1                                0x20000134   Data           4  function.o(.data)
    ulPWMSet                                 0x20000138   Data           4  function.o(.data)
    uiTimerDemo                              0x2000013c   Data           4  function.o(.data)
    ucWDT                                    0x20000140   Data           1  main.o(.data)
    puiNumberH_Table                         0x20000144   Data         336  scroll_h.o(.data)
    puiNumberV_Table                         0x20000294   Data         324  scroll_v.o(.data)
    xMsgObject0Status                        0x200003d8   Data          20  can.o(.bss)
    xMsgObject0InSHC                         0x200003ec   Data          20  can.o(.bss)
    xMsgObject0DrSHC                         0x20000400   Data          20  can.o(.bss)
    xMsgObject0InX1                          0x20000414   Data          20  can.o(.bss)
    xMsgObject0OutSHC                        0x20000428   Data          20  can.o(.bss)
    xMsgObject0OutX1                         0x2000043c   Data          20  can.o(.bss)
    xMsgObject0ClearBTH                      0x20000450   Data          20  can.o(.bss)
    xMsgObject1Status                        0x20000464   Data          20  can.o(.bss)
    xMsgObject1InSHC                         0x20000478   Data          20  can.o(.bss)
    xMsgObject1DrSHC                         0x2000048c   Data          20  can.o(.bss)
    xMsgObject1InX1                          0x200004a0   Data          20  can.o(.bss)
    xMsgObject1OutSHC                        0x200004b4   Data          20  can.o(.bss)
    xMsgObject1OutX1                         0x200004c8   Data          20  can.o(.bss)
    xMsgObject1ClearBTH                      0x200004dc   Data          20  can.o(.bss)
    ulBlock1Data                             0x200004f0   Data          64  display.o(.bss)
    ulBlock2Data                             0x20000530   Data          64  display.o(.bss)
    xNumber                                  0x20000570   Data          12  display.o(.bss)
    xString                                  0x2000057c   Data          12  display.o(.bss)
    xArrow                                   0x20000588   Data          12  display.o(.bss)
    ulSample                                 0x20000594   Data          16  function.o(.bss)
    __libspace_start                         0x200005a4   Data          96  libspace.o(.bss)
    __temporary_stack_top$libspace           0x20000604   Data           0  libspace.o(.bss)



==============================================================================

Memory Map of the image

  Image Entry point : 0x00000289

  Load Region LR_IROM1 (Base: 0x00000000, Size: 0x00007358, Max: 0x00020000, ABSOLUTE, COMPRESSED[0x00007198])

    Execution Region ER_IROM1 (Base: 0x00000000, Size: 0x00006f80, Max: 0x00020000, ABSOLUTE)

    Base Addr    Size         Type   Attr      Idx    E Section Name        Object

    0x00000000   0x00000288   Code   RO          385    RESET               startup_rvmdk.o
    0x00000288   0x00000008   Code   RO         1512  * !!!main             c_w.l(__main.o)
    0x00000290   0x00000034   Code   RO         1668    !!!scatter          c_w.l(__scatter.o)
    0x000002c4   0x0000005a   Code   RO         1666    !!dczerorl2         c_w.l(__dczerorl2.o)
    0x0000031e   0x00000002   PAD
    0x00000320   0x0000001c   Code   RO         1670    !!handler_zi        c_w.l(__scatter_zi.o)
    0x0000033c   0x00000002   Code   RO         1539    .ARM.Collect$$libinit$$00000000  c_w.l(libinit.o)
    0x0000033e   0x00000004   Code   RO         1545    .ARM.Collect$$libinit$$00000001  c_w.l(libinit2.o)
    0x00000342   0x00000000   Code   RO         1549    .ARM.Collect$$libinit$$00000008  c_w.l(libinit2.o)
    0x00000342   0x00000000   Code   RO         1551    .ARM.Collect$$libinit$$0000000A  c_w.l(libinit2.o)
    0x00000342   0x00000000   Code   RO         1553    .ARM.Collect$$libinit$$0000000C  c_w.l(libinit2.o)
    0x00000342   0x00000000   Code   RO         1556    .ARM.Collect$$libinit$$0000000F  c_w.l(libinit2.o)
    0x00000342   0x00000000   Code   RO         1558    .ARM.Collect$$libinit$$00000011  c_w.l(libinit2.o)
    0x00000342   0x00000000   Code   RO         1560    .ARM.Collect$$libinit$$00000013  c_w.l(libinit2.o)
    0x00000342   0x00000000   Code   RO         1562    .ARM.Collect$$libinit$$00000015  c_w.l(libinit2.o)
    0x00000342   0x00000000   Code   RO         1564    .ARM.Collect$$libinit$$00000017  c_w.l(libinit2.o)
    0x00000342   0x00000000   Code   RO         1566    .ARM.Collect$$libinit$$00000019  c_w.l(libinit2.o)
    0x00000342   0x00000000   Code   RO         1568    .ARM.Collect$$libinit$$0000001B  c_w.l(libinit2.o)
    0x00000342   0x00000000   Code   RO         1570    .ARM.Collect$$libinit$$0000001D  c_w.l(libinit2.o)
    0x00000342   0x00000000   Code   RO         1572    .ARM.Collect$$libinit$$0000001F  c_w.l(libinit2.o)
    0x00000342   0x00000000   Code   RO         1574    .ARM.Collect$$libinit$$00000021  c_w.l(libinit2.o)
    0x00000342   0x00000000   Code   RO         1576    .ARM.Collect$$libinit$$00000023  c_w.l(libinit2.o)
    0x00000342   0x00000000   Code   RO         1580    .ARM.Collect$$libinit$$0000002A  c_w.l(libinit2.o)
    0x00000342   0x00000000   Code   RO         1582    .ARM.Collect$$libinit$$0000002C  c_w.l(libinit2.o)
    0x00000342   0x00000000   Code   RO         1584    .ARM.Collect$$libinit$$0000002E  c_w.l(libinit2.o)
    0x00000342   0x00000000   Code   RO         1586    .ARM.Collect$$libinit$$00000030  c_w.l(libinit2.o)
    0x00000342   0x00000002   Code   RO         1587    .ARM.Collect$$libinit$$00000031  c_w.l(libinit2.o)
    0x00000344   0x00000002   Code   RO         1607    .ARM.Collect$$libshutdown$$00000000  c_w.l(libshutdown.o)
    0x00000346   0x00000000   Code   RO         1621    .ARM.Collect$$libshutdown$$00000003  c_w.l(libshutdown2.o)
    0x00000346   0x00000000   Code   RO         1624    .ARM.Collect$$libshutdown$$00000006  c_w.l(libshutdown2.o)
    0x00000346   0x00000000   Code   RO         1627    .ARM.Collect$$libshutdown$$00000009  c_w.l(libshutdown2.o)
    0x00000346   0x00000000   Code   RO         1629    .ARM.Collect$$libshutdown$$0000000B  c_w.l(libshutdown2.o)
    0x00000346   0x00000000   Code   RO         1632    .ARM.Collect$$libshutdown$$0000000E  c_w.l(libshutdown2.o)
    0x00000346   0x00000002   Code   RO         1633    .ARM.Collect$$libshutdown$$0000000F  c_w.l(libshutdown2.o)
    0x00000348   0x00000000   Code   RO         1514    .ARM.Collect$$rtentry$$00000000  c_w.l(rtentry.o)
    0x00000348   0x00000000   Code   RO         1516    .ARM.Collect$$rtentry$$00000002  c_w.l(rtentry2.o)
    0x00000348   0x00000006   Code   RO         1528    .ARM.Collect$$rtentry$$00000004  c_w.l(rtentry4.o)
    0x0000034e   0x00000000   Code   RO         1518    .ARM.Collect$$rtentry$$00000009  c_w.l(rtentry2.o)
    0x0000034e   0x00000004   Code   RO         1519    .ARM.Collect$$rtentry$$0000000A  c_w.l(rtentry2.o)
    0x00000352   0x00000000   Code   RO         1521    .ARM.Collect$$rtentry$$0000000C  c_w.l(rtentry2.o)
    0x00000352   0x00000008   Code   RO         1522    .ARM.Collect$$rtentry$$0000000D  c_w.l(rtentry2.o)
    0x0000035a   0x00000002   Code   RO         1543    .ARM.Collect$$rtexit$$00000000  c_w.l(rtexit.o)
    0x0000035c   0x00000000   Code   RO         1589    .ARM.Collect$$rtexit$$00000002  c_w.l(rtexit2.o)
    0x0000035c   0x00000004   Code   RO         1590    .ARM.Collect$$rtexit$$00000003  c_w.l(rtexit2.o)
    0x00000360   0x00000006   Code   RO         1591    .ARM.Collect$$rtexit$$00000004  c_w.l(rtexit2.o)
    0x00000366   0x00000002   PAD
    0x00000368   0x00000006   Code   RO          967    .emb_text           driverlib.lib(sysctl.o)
    0x0000036e   0x00000002   PAD
    0x00000370   0x00000026   Code   RO         1498    .emb_text           driverlib.lib(cpu.o)
    0x00000396   0x00000002   PAD
    0x00000398   0x00000348   Code   RO            1    .text               can.o
    0x000006e0   0x00000388   Code   RO           69    .text               display.o
    0x00000a68   0x000003e0   Code   RO          101    .text               function.o
    0x00000e48   0x00000350   Code   RO          136    .text               main.o
    0x00001198   0x00000438   Code   RO          168    .text               scroll_h.o
    0x000015d0   0x000003d8   Code   RO          271    .text               scroll_v.o
    0x000019a8   0x00000016   Code   RO          371    .text               sysclock.o
    0x000019be   0x00000002   PAD
    0x000019c0   0x00000018   Code   RO          386    .text               startup_rvmdk.o
    0x000019d8   0x00000006   Code   RO         1510    .text               c_w.l(heapauxi.o)
    0x000019de   0x0000004a   Code   RO         1530    .text               c_w.l(sys_stackheap_outer.o)
    0x00001a28   0x0000000c   Code   RO         1532    .text               c_w.l(exit.o)
    0x00001a34   0x00000008   Code   RO         1540    .text               c_w.l(libspace.o)
    0x00001a3c   0x0000000c   Code   RO         1599    .text               c_w.l(sys_exit.o)
    0x00001a48   0x00000002   Code   RO         1610    .text               c_w.l(use_no_semi.o)
    0x00001a4a   0x00000000   Code   RO         1612    .text               c_w.l(indicate_semi.o)
    0x00001a4a   0x00000002   PAD
    0x00001a4c   0x00000070   Code   RO          392    i.CANBitRateSet     driverlib.lib(can.o)
    0x00001abc   0x0000000a   Code   RO          396    i.CANEnable         driverlib.lib(can.o)
    0x00001ac6   0x00000042   Code   RO          398    i.CANInit           driverlib.lib(can.o)
    0x00001b08   0x00000026   Code   RO          399    i.CANIntClear       driverlib.lib(can.o)
    0x00001b2e   0x00000008   Code   RO          401    i.CANIntEnable      driverlib.lib(can.o)
    0x00001b36   0x00000020   Code   RO          403    i.CANIntStatus      driverlib.lib(can.o)
    0x00001b56   0x0000017a   Code   RO          406    i.CANMessageGet     driverlib.lib(can.o)
    0x00001cd0   0x00000166   Code   RO          407    i.CANMessageSet     driverlib.lib(can.o)
    0x00001e36   0x00000044   Code   RO          410    i.CANStatusGet      driverlib.lib(can.o)
    0x00001e7a   0x00000028   Code   RO          552    i.GPIODirModeSet    driverlib.lib(gpio.o)
    0x00001ea2   0x00000138   Code   RO          564    i.GPIOPadConfigSet  driverlib.lib(gpio.o)
    0x00001fda   0x00000002   PAD
    0x00001fdc   0x00000044   Code   RO          565    i.GPIOPinConfigure  driverlib.lib(gpio.o)
    0x00002020   0x00000006   Code   RO          566    i.GPIOPinRead       driverlib.lib(gpio.o)
    0x00002026   0x0000001c   Code   RO          568    i.GPIOPinTypeCAN    driverlib.lib(gpio.o)
    0x00002042   0x0000001c   Code   RO          575    i.GPIOPinTypeGPIOInput  driverlib.lib(gpio.o)
    0x0000205e   0x0000001c   Code   RO          576    i.GPIOPinTypeGPIOOutput  driverlib.lib(gpio.o)
    0x0000207a   0x00000006   Code   RO          594    i.GPIOPinWrite      driverlib.lib(gpio.o)
    0x00002080   0x00000064   Code   RO          855    i.IntEnable         driverlib.lib(interrupt.o)
    0x000020e4   0x0000000e   Code   RO          858    i.IntMasterEnable   driverlib.lib(interrupt.o)
    0x000020f2   0x00000002   PAD
    0x000020f4   0x00000154   Code   RO          970    i.SysCtlClockGet    driverlib.lib(sysctl.o)
    0x00002248   0x00000120   Code   RO          972    i.SysCtlClockSet    driverlib.lib(sysctl.o)
    0x00002368   0x00000028   Code   RO         1001    i.SysCtlPeripheralEnable  driverlib.lib(sysctl.o)
    0x00002390   0x0000003c   Code   RO         1006    i.SysCtlPeripheralReset  driverlib.lib(sysctl.o)
    0x000023cc   0x0000000e   Code   RO         1316    i.SysTickEnable     driverlib.lib(systick.o)
    0x000023da   0x0000000e   Code   RO         1318    i.SysTickIntEnable  driverlib.lib(systick.o)
    0x000023e8   0x0000000a   Code   RO         1322    i.SysTickPeriodSet  driverlib.lib(systick.o)
    0x000023f2   0x0000000a   Code   RO         1378    i.WatchdogEnable    driverlib.lib(watchdog.o)
    0x000023fc   0x00000006   Code   RO         1379    i.WatchdogIntClear  driverlib.lib(watchdog.o)
    0x00002402   0x00000004   Code   RO         1388    i.WatchdogReloadSet  driverlib.lib(watchdog.o)
    0x00002406   0x0000000a   Code   RO         1390    i.WatchdogResetEnable  driverlib.lib(watchdog.o)
    0x00002410   0x0000000a   Code   RO         1597    x$fpl$fpinit        fz_wm.l(fpinit.o)
    0x0000241a   0x00000002   PAD
    0x0000241c   0x000001e4   Data   RO           72    .constdata          display.o
    0x00002600   0x000000c0   Data   RO           73    .constdata          display.o
    0x000026c0   0x00000190   Data   RO           74    .constdata          display.o
    0x00002850   0x00000148   Data   RO           75    .constdata          display.o
    0x00002998   0x0000014c   Data   RO           76    .constdata          display.o
    0x00002ae4   0x000001d0   Data   RO           77    .constdata          display.o
    0x00002cb4   0x00000138   Data   RO           78    .constdata          display.o
    0x00002dec   0x00000124   Data   RO           79    .constdata          display.o
    0x00002f10   0x00000120   Data   RO           80    .constdata          display.o
    0x00003030   0x00000120   Data   RO           81    .constdata          display.o
    0x00003150   0x00000228   Data   RO          103    .constdata          function.o
    0x00003378   0x00000080   Data   RO          137    .constdata          main.o
    0x000033f8   0x00000040   Data   RO          169    .constdata          scroll_h.o
    0x00003438   0x00000040   Data   RO          170    .constdata          scroll_h.o
    0x00003478   0x00000040   Data   RO          171    .constdata          scroll_h.o
    0x000034b8   0x00000040   Data   RO          172    .constdata          scroll_h.o
    0x000034f8   0x00000040   Data   RO          174    .constdata          scroll_h.o
    0x00003538   0x00000040   Data   RO          175    .constdata          scroll_h.o
    0x00003578   0x00000040   Data   RO          176    .constdata          scroll_h.o
    0x000035b8   0x00000040   Data   RO          177    .constdata          scroll_h.o
    0x000035f8   0x00000040   Data   RO          178    .constdata          scroll_h.o
    0x00003638   0x00000040   Data   RO          179    .constdata          scroll_h.o
    0x00003678   0x00000040   Data   RO          180    .constdata          scroll_h.o
    0x000036b8   0x00000040   Data   RO          181    .constdata          scroll_h.o
    0x000036f8   0x00000040   Data   RO          182    .constdata          scroll_h.o
    0x00003738   0x00000040   Data   RO          183    .constdata          scroll_h.o
    0x00003778   0x00000040   Data   RO          184    .constdata          scroll_h.o
    0x000037b8   0x00000040   Data   RO          185    .constdata          scroll_h.o
    0x000037f8   0x00000040   Data   RO          186    .constdata          scroll_h.o
    0x00003838   0x00000040   Data   RO          187    .constdata          scroll_h.o
    0x00003878   0x00000040   Data   RO          188    .constdata          scroll_h.o
    0x000038b8   0x00000040   Data   RO          189    .constdata          scroll_h.o
    0x000038f8   0x00000040   Data   RO          190    .constdata          scroll_h.o
    0x00003938   0x00000040   Data   RO          191    .constdata          scroll_h.o
    0x00003978   0x00000040   Data   RO          192    .constdata          scroll_h.o
    0x000039b8   0x00000040   Data   RO          193    .constdata          scroll_h.o
    0x000039f8   0x00000040   Data   RO          194    .constdata          scroll_h.o
    0x00003a38   0x00000040   Data   RO          195    .constdata          scroll_h.o
    0x00003a78   0x00000040   Data   RO          196    .constdata          scroll_h.o
    0x00003ab8   0x00000040   Data   RO          197    .constdata          scroll_h.o
    0x00003af8   0x00000040   Data   RO          198    .constdata          scroll_h.o
    0x00003b38   0x00000040   Data   RO          199    .constdata          scroll_h.o
    0x00003b78   0x00000040   Data   RO          201    .constdata          scroll_h.o
    0x00003bb8   0x00000040   Data   RO          202    .constdata          scroll_h.o
    0x00003bf8   0x00000040   Data   RO          203    .constdata          scroll_h.o
    0x00003c38   0x00000040   Data   RO          204    .constdata          scroll_h.o
    0x00003c78   0x00000040   Data   RO          205    .constdata          scroll_h.o
    0x00003cb8   0x00000040   Data   RO          206    .constdata          scroll_h.o
    0x00003cf8   0x00000040   Data   RO          207    .constdata          scroll_h.o
    0x00003d38   0x00000040   Data   RO          208    .constdata          scroll_h.o
    0x00003d78   0x00000040   Data   RO          209    .constdata          scroll_h.o
    0x00003db8   0x00000040   Data   RO          210    .constdata          scroll_h.o
    0x00003df8   0x00000040   Data   RO          211    .constdata          scroll_h.o
    0x00003e38   0x00000040   Data   RO          212    .constdata          scroll_h.o
    0x00003e78   0x00000040   Data   RO          213    .constdata          scroll_h.o
    0x00003eb8   0x00000040   Data   RO          214    .constdata          scroll_h.o
    0x00003ef8   0x00000040   Data   RO          215    .constdata          scroll_h.o
    0x00003f38   0x00000040   Data   RO          216    .constdata          scroll_h.o
    0x00003f78   0x00000040   Data   RO          217    .constdata          scroll_h.o
    0x00003fb8   0x00000040   Data   RO          218    .constdata          scroll_h.o
    0x00003ff8   0x00000040   Data   RO          219    .constdata          scroll_h.o
    0x00004038   0x00000040   Data   RO          220    .constdata          scroll_h.o
    0x00004078   0x00000040   Data   RO          221    .constdata          scroll_h.o
    0x000040b8   0x00000040   Data   RO          222    .constdata          scroll_h.o
    0x000040f8   0x00000040   Data   RO          223    .constdata          scroll_h.o
    0x00004138   0x00000040   Data   RO          224    .constdata          scroll_h.o
    0x00004178   0x00000040   Data   RO          225    .constdata          scroll_h.o
    0x000041b8   0x00000040   Data   RO          226    .constdata          scroll_h.o
    0x000041f8   0x00000040   Data   RO          227    .constdata          scroll_h.o
    0x00004238   0x00000040   Data   RO          228    .constdata          scroll_h.o
    0x00004278   0x00000040   Data   RO          229    .constdata          scroll_h.o
    0x000042b8   0x00000040   Data   RO          230    .constdata          scroll_h.o
    0x000042f8   0x00000040   Data   RO          231    .constdata          scroll_h.o
    0x00004338   0x00000040   Data   RO          232    .constdata          scroll_h.o
    0x00004378   0x00000040   Data   RO          233    .constdata          scroll_h.o
    0x000043b8   0x00000040   Data   RO          234    .constdata          scroll_h.o
    0x000043f8   0x00000040   Data   RO          235    .constdata          scroll_h.o
    0x00004438   0x00000040   Data   RO          236    .constdata          scroll_h.o
    0x00004478   0x00000040   Data   RO          237    .constdata          scroll_h.o
    0x000044b8   0x00000040   Data   RO          238    .constdata          scroll_h.o
    0x000044f8   0x00000040   Data   RO          239    .constdata          scroll_h.o
    0x00004538   0x00000040   Data   RO          240    .constdata          scroll_h.o
    0x00004578   0x00000040   Data   RO          241    .constdata          scroll_h.o
    0x000045b8   0x00000040   Data   RO          242    .constdata          scroll_h.o
    0x000045f8   0x00000040   Data   RO          243    .constdata          scroll_h.o
    0x00004638   0x00000040   Data   RO          244    .constdata          scroll_h.o
    0x00004678   0x00000040   Data   RO          245    .constdata          scroll_h.o
    0x000046b8   0x00000040   Data   RO          246    .constdata          scroll_h.o
    0x000046f8   0x00000040   Data   RO          247    .constdata          scroll_h.o
    0x00004738   0x00000040   Data   RO          248    .constdata          scroll_h.o
    0x00004778   0x00000040   Data   RO          249    .constdata          scroll_h.o
    0x000047b8   0x00000040   Data   RO          250    .constdata          scroll_h.o
    0x000047f8   0x00000040   Data   RO          251    .constdata          scroll_h.o
    0x00004838   0x00000040   Data   RO          252    .constdata          scroll_h.o
    0x00004878   0x00000040   Data   RO          253    .constdata          scroll_h.o
    0x000048b8   0x00000040   Data   RO          254    .constdata          scroll_h.o
    0x000048f8   0x00000620   Data   RO          255    .constdata          scroll_h.o
    0x00004f18   0x00000040   Data   RO          272    .constdata          scroll_v.o
    0x00004f58   0x00000040   Data   RO          273    .constdata          scroll_v.o
    0x00004f98   0x00000040   Data   RO          275    .constdata          scroll_v.o
    0x00004fd8   0x00000040   Data   RO          276    .constdata          scroll_v.o
    0x00005018   0x00000040   Data   RO          277    .constdata          scroll_v.o
    0x00005058   0x00000040   Data   RO          278    .constdata          scroll_v.o
    0x00005098   0x00000040   Data   RO          279    .constdata          scroll_v.o
    0x000050d8   0x00000040   Data   RO          280    .constdata          scroll_v.o
    0x00005118   0x00000040   Data   RO          281    .constdata          scroll_v.o
    0x00005158   0x00000040   Data   RO          282    .constdata          scroll_v.o
    0x00005198   0x00000040   Data   RO          283    .constdata          scroll_v.o
    0x000051d8   0x00000040   Data   RO          284    .constdata          scroll_v.o
    0x00005218   0x00000040   Data   RO          285    .constdata          scroll_v.o
    0x00005258   0x00000040   Data   RO          286    .constdata          scroll_v.o
    0x00005298   0x00000040   Data   RO          287    .constdata          scroll_v.o
    0x000052d8   0x00000040   Data   RO          288    .constdata          scroll_v.o
    0x00005318   0x00000040   Data   RO          289    .constdata          scroll_v.o
    0x00005358   0x00000040   Data   RO          290    .constdata          scroll_v.o
    0x00005398   0x00000040   Data   RO          291    .constdata          scroll_v.o
    0x000053d8   0x00000040   Data   RO          292    .constdata          scroll_v.o
    0x00005418   0x00000040   Data   RO          293    .constdata          scroll_v.o
    0x00005458   0x00000040   Data   RO          294    .constdata          scroll_v.o
    0x00005498   0x00000040   Data   RO          295    .constdata          scroll_v.o
    0x000054d8   0x00000040   Data   RO          296    .constdata          scroll_v.o
    0x00005518   0x00000040   Data   RO          297    .constdata          scroll_v.o
    0x00005558   0x00000040   Data   RO          298    .constdata          scroll_v.o
    0x00005598   0x00000040   Data   RO          299    .constdata          scroll_v.o
    0x000055d8   0x00000040   Data   RO          301    .constdata          scroll_v.o
    0x00005618   0x00000040   Data   RO          302    .constdata          scroll_v.o
    0x00005658   0x00000040   Data   RO          303    .constdata          scroll_v.o
    0x00005698   0x00000040   Data   RO          304    .constdata          scroll_v.o
    0x000056d8   0x00000040   Data   RO          305    .constdata          scroll_v.o
    0x00005718   0x00000040   Data   RO          306    .constdata          scroll_v.o
    0x00005758   0x00000040   Data   RO          307    .constdata          scroll_v.o
    0x00005798   0x00000040   Data   RO          308    .constdata          scroll_v.o
    0x000057d8   0x00000040   Data   RO          309    .constdata          scroll_v.o
    0x00005818   0x00000040   Data   RO          310    .constdata          scroll_v.o
    0x00005858   0x00000040   Data   RO          311    .constdata          scroll_v.o
    0x00005898   0x00000040   Data   RO          312    .constdata          scroll_v.o
    0x000058d8   0x00000040   Data   RO          313    .constdata          scroll_v.o
    0x00005918   0x00000040   Data   RO          314    .constdata          scroll_v.o
    0x00005958   0x00000040   Data   RO          315    .constdata          scroll_v.o
    0x00005998   0x00000040   Data   RO          316    .constdata          scroll_v.o
    0x000059d8   0x00000040   Data   RO          317    .constdata          scroll_v.o
    0x00005a18   0x00000040   Data   RO          318    .constdata          scroll_v.o
    0x00005a58   0x00000040   Data   RO          319    .constdata          scroll_v.o
    0x00005a98   0x00000040   Data   RO          320    .constdata          scroll_v.o
    0x00005ad8   0x00000040   Data   RO          321    .constdata          scroll_v.o
    0x00005b18   0x00000040   Data   RO          322    .constdata          scroll_v.o
    0x00005b58   0x00000040   Data   RO          323    .constdata          scroll_v.o
    0x00005b98   0x00000040   Data   RO          324    .constdata          scroll_v.o
    0x00005bd8   0x00000040   Data   RO          325    .constdata          scroll_v.o
    0x00005c18   0x00000040   Data   RO          326    .constdata          scroll_v.o
    0x00005c58   0x00000040   Data   RO          327    .constdata          scroll_v.o
    0x00005c98   0x00000040   Data   RO          328    .constdata          scroll_v.o
    0x00005cd8   0x00000040   Data   RO          329    .constdata          scroll_v.o
    0x00005d18   0x00000040   Data   RO          330    .constdata          scroll_v.o
    0x00005d58   0x00000040   Data   RO          331    .constdata          scroll_v.o
    0x00005d98   0x00000040   Data   RO          332    .constdata          scroll_v.o
    0x00005dd8   0x00000040   Data   RO          333    .constdata          scroll_v.o
    0x00005e18   0x00000040   Data   RO          334    .constdata          scroll_v.o
    0x00005e58   0x00000040   Data   RO          335    .constdata          scroll_v.o
    0x00005e98   0x00000040   Data   RO          336    .constdata          scroll_v.o
    0x00005ed8   0x00000040   Data   RO          337    .constdata          scroll_v.o
    0x00005f18   0x00000040   Data   RO          338    .constdata          scroll_v.o
    0x00005f58   0x00000040   Data   RO          339    .constdata          scroll_v.o
    0x00005f98   0x00000040   Data   RO          340    .constdata          scroll_v.o
    0x00005fd8   0x00000040   Data   RO          341    .constdata          scroll_v.o
    0x00006018   0x00000040   Data   RO          342    .constdata          scroll_v.o
    0x00006058   0x00000040   Data   RO          343    .constdata          scroll_v.o
    0x00006098   0x00000040   Data   RO          344    .constdata          scroll_v.o
    0x000060d8   0x00000040   Data   RO          345    .constdata          scroll_v.o
    0x00006118   0x00000040   Data   RO          346    .constdata          scroll_v.o
    0x00006158   0x00000040   Data   RO          347    .constdata          scroll_v.o
    0x00006198   0x00000040   Data   RO          348    .constdata          scroll_v.o
    0x000061d8   0x00000040   Data   RO          349    .constdata          scroll_v.o
    0x00006218   0x00000040   Data   RO          350    .constdata          scroll_v.o
    0x00006258   0x00000040   Data   RO          351    .constdata          scroll_v.o
    0x00006298   0x00000040   Data   RO          352    .constdata          scroll_v.o
    0x000062d8   0x00000040   Data   RO          353    .constdata          scroll_v.o
    0x00006318   0x00000040   Data   RO          354    .constdata          scroll_v.o
    0x00006358   0x00000660   Data   RO          355    .constdata          scroll_v.o
    0x000069b8   0x00000020   Data   RO          411    .constdata          driverlib.lib(can.o)
    0x000069d8   0x00000228   Data   RO          596    .constdata          driverlib.lib(gpio.o)
    0x00006c00   0x0000010c   Data   RO          871    .constdata          driverlib.lib(interrupt.o)
    0x00006d0c   0x00000254   Data   RO         1023    .constdata          driverlib.lib(sysctl.o)
    0x00006f60   0x00000020   Data   RO         1664    Region$$Table       anon$$obj.o


    Execution Region RW_IRAM1 (Base: 0x20000000, Size: 0x00000a08, Max: 0x00008000, ABSOLUTE, COMPRESSED[0x00000218])

    Base Addr    Size         Type   Attr      Idx    E Section Name        Object

    0x20000000   0x0000005f   Data   RW            3    .data               can.o
    0x2000005f   0x00000001   Data   RW            4    .data               can.o
    0x20000060   0x00000001   Data   RW            6    .data               can.o
    0x20000061   0x00000003   PAD
    0x20000064   0x00000050   Data   RW           82    .data               display.o
    0x200000b4   0x00000004   Data   RW           83    .data               display.o
    0x200000b8   0x00000004   Data   RW           84    .data               display.o
    0x200000bc   0x00000004   Data   RW           85    .data               display.o
    0x200000c0   0x00000018   Data   RW           86    .data               display.o
    0x200000d8   0x00000068   Data   RW          104    .data               function.o
    0x20000140   0x00000001   Data   RW          138    .data               main.o
    0x20000141   0x00000003   PAD
    0x20000144   0x00000150   Data   RW          256    .data               scroll_h.o
    0x20000294   0x00000144   Data   RW          356    .data               scroll_v.o
    0x200003d8   0x00000118   Zero   RW            2    .bss                can.o
    0x200004f0   0x00000098   Zero   RW           70    .bss                display.o
    0x20000588   0x0000000c   Zero   RW           71    .bss                display.o
    0x20000594   0x00000010   Zero   RW          102    .bss                function.o
    0x200005a4   0x00000060   Zero   RW         1541    .bss                c_w.l(libspace.o)
    0x20000604   0x00000004   PAD
    0x20000608   0x00000000   Zero   RW          384    HEAP                startup_rvmdk.o
    0x20000608   0x00000400   Zero   RW          383    STACK               startup_rvmdk.o


==============================================================================

Image component sizes


      Code (inc. data)   RO Data    RW Data    ZI Data      Debug   Object Name

       840         52          0         97        280      12825   can.o
       904         40       3380        116        164       3570   display.o
       992         80        552        104         16       4862   function.o
       848         48        128          1          0       2397   main.o
      1080         60       6944        336          0       8134   scroll_h.o
       984         62       6816        324          0       7907   scroll_v.o
       672        636          0          0       1024        540   startup_rvmdk.o
        22          0          0          0          0        589   sysclock.o

    ----------------------------------------------------------------------
      6344        978      17852        984       1484      40824   Object Totals
         0          0         32          0          0          0   (incl. Generated)
         2          0          0          6          0          0   (incl. Padding)

    ----------------------------------------------------------------------

      Code (inc. data)   RO Data    RW Data    ZI Data      Debug   Library Member Name

        90          0          0          0          0          0   __dczerorl2.o
         8          0          0          0          0         68   __main.o
        52          8          0          0          0          0   __scatter.o
        28          0          0          0          0          0   __scatter_zi.o
        12          0          0          0          0         72   exit.o
         6          0          0          0          0        152   heapauxi.o
         0          0          0          0          0          0   indicate_semi.o
         2          0          0          0          0          0   libinit.o
         6          0          0          0          0          0   libinit2.o
         2          0          0          0          0          0   libshutdown.o
         2          0          0          0          0          0   libshutdown2.o
         8          4          0          0         96         68   libspace.o
         0          0          0          0          0          0   rtentry.o
        12          0          0          0          0          0   rtentry2.o
         6          0          0          0          0          0   rtentry4.o
         2          0          0          0          0          0   rtexit.o
        10          0          0          0          0          0   rtexit2.o
        12          4          0          0          0         68   sys_exit.o
        74          0          0          0          0         80   sys_stackheap_outer.o
         2          0          0          0          0         68   use_no_semi.o
      1070         10         32          0          0      12793   can.o
        38          0          0          0          0        572   cpu.o
       516          8        552          0          0       5664   gpio.o
       114          8        268          0          0       2042   interrupt.o
       734         62        596          0          0       4975   sysctl.o
        38          0          0          0          0       1410   systick.o
        30          0          0          0          0       1950   watchdog.o
        10          0          0          0          0        116   fpinit.o

    ----------------------------------------------------------------------
      2900        104       1448          0        100      30098   Library Totals
        16          0          0          0          4          0   (incl. Padding)

    ----------------------------------------------------------------------

      Code (inc. data)   RO Data    RW Data    ZI Data      Debug   Library Name

       334         16          0          0         96        576   c_w.l
      2540         88       1448          0          0      29406   driverlib.lib
        10          0          0          0          0        116   fz_wm.l

    ----------------------------------------------------------------------
      2900        104       1448          0        100      30098   Library Totals

    ----------------------------------------------------------------------

==============================================================================


      Code (inc. data)   RO Data    RW Data    ZI Data      Debug   

      9244       1082      19300        984       1584      66966   Grand Totals
      9244       1082      19300        536       1584      66966   ELF Image Totals (compressed)
      9244       1082      19300        536          0          0   ROM Totals

==============================================================================

    Total RO  Size (Code + RO Data)                28544 (  27.88kB)
    Total RW  Size (RW Data + ZI Data)              2568 (   2.51kB)
    Total ROM Size (Code + RO Data + RW Data)      29080 (  28.40kB)

==============================================================================

